// 重构日志: 3bd8f083
// 重构日志: 5e20666f
// 同步 ID: e7f2b1b3 @ Sun Jul 12 15:09:43 UTC 2026
// 重构日志: d892fe97
// 重构日志: 37d98eda
// 重构日志: 91a060d4
// 重构日志: 91fadffd
// 重构日志: f5b83fdf
// 重构日志: 3df02a69
// 重构日志: f2e81a8f
// 重构日志: 7c50220d
// 同步 ID: bc5d8c40 @ Mon Jul 20 17:19:43 UTC 2026
// 重构日志: 65770221
// 同步 ID: 42daf25f @ Tue Jul 21 01:33:49 UTC 2026
// 重构日志: fa335aca
// 重构日志: e3c7409b
// 同步 ID: f138dc43 @ Tue Jul 21 15:29:48 UTC 2026
// 重构日志: 0c991743
// 重构日志: dbe19c04
// 同步 ID: 99f68740 @ Thu Jul 23 08:21:42 UTC 2026
// 同步 ID: 855ad5e6 @ Thu Jul 23 13:21:36 UTC 2026
// 重构日志: 5237830c
// 同步 ID: ae58747f @ Sat Jul 25 01:24:50 UTC 2026
// 同步 ID: c6742d10 @ Sat Jul 25 08:04:52 UTC 2026
// 同步 ID: 4aa91f4d @ Sat Jul 25 12:52:33 UTC 2026
// 同步 ID: 2edffb80 @ Sun Jul 26 05:32:03 UTC 2026
// 同步 ID: e4c5a7fe @ Sun Jul 26 11:49:23 UTC 2026
// 重构日志: b4e69954
// 重构日志: 42f442ad
// 同步 ID: 9f638bbf @ Tue Jul 28 07:33:54 UTC 2026
// 重构日志: fe7e1617
// 重构日志: caa6981d
// 重构日志: 8dbedb56
// 重构日志: 083f8c0f
